// Jest Snapshot v1, https://goo.gl/fbAQLP

exports[`should match the snapshot with all data passed in correctly 1`] = `
<div
  className="board-wrapper"
>
  <Menu
    changeCity={[MockFunction]}
    fetchWeatherData={[MockFunction]}
    searchHistory={
      Array [
        "Denver",
        "Phoenix",
      ]
    }
  />
  <WeatherWidget
    searchCity="Denver"
    weatherCurrentData={
      Object {
        "desc": "today weather",
      }
    }
    weatherDaysData={
      Object {
        "desc": "week weather",
      }
    }
  />
</div>
`;
